# autogen id-lang.map
*~                    IGNORE
*.bak                 IGNORE
*.bk[0-9]             IGNORE
[sp].*                IGNORE
*\\.deps\\*             IGNORE
*\\.svn\\*              IGNORE
*.svn-base            IGNORE
.git\\*                IGNORE
.exvim*\\*             IGNORE
*.err                 IGNORE
*.exe                 IGNORE
*.lnk                 IGNORE
*.min.js              IGNORE
*.h    text
*.h++    text
*.h.in    text
*.H    text
*.hh    text
*.hp    text
*.hpp    text
*.hxx    text
*.inl    text
*.c    text
*.C    text
*.cc    text
*.cp    text
*.cpp    text
*.cxx    text
*.cs    text
*.m    text
*.hlsl    text
*.vsh    text
*.psh    text
*.fx    text
*.fxh    text
*.cg    text
*.shd    text
*.asm    text
*.ASM    text
*.s    text
*.S    text
*.py    text
*.pyx    text
*.pxd    text
*.scons    text
*.rb    text
*.js    text
*.as    text
*.ts    text
*.coffee    text
*.lua    text
*.ms    text
*.pl    text
*.pm    text
*.vim    text
*.html    text
*.htm    text
*.shtml    text
*.stm    text
*.css    text
*.sass    text
*.scss    text
*.less    text
*.styl    text
*.xml    text
*.mms    text
*.glm    text
*.json    text
*.l    text
*.lex    text
*.y    text
*.yacc    text
*.hrl    text
*.erl    text
*.php    text
*.rs    text
*.go    text